npm warn Unknown user config "/" (proxy:https:/). This will stop working in the next major version of npm.

> build
> vite build

[36mvite v7.3.1 [32mbuilding client environment for production...[36m[39m
transforming...
[32mÔ£ô[39m 110 modules transformed.
Ô£ù Build failed in 1.77s
error during build:
[vite]: Rollup failed to resolve import "@/components/layout" from "F:/rdm/rdm_tanstack2/app/src/routes/platform.tsx".
This is most likely unintended because it can break your application at runtime.
If you do want to externalize this module explicitly add it to
`build.rollupOptions.external`
    at viteLog (file:///F:/rdm/rdm_tanstack2/app/node_modules/vite/dist/node/chunks/config.js:33635:57)
    at file:///F:/rdm/rdm_tanstack2/app/node_modules/vite/dist/node/chunks/config.js:33669:73
    at onwarn (file:///F:/rdm/rdm_tanstack2/app/node_modules/@vitejs/plugin-react/dist/index.js:76:7)
    at file:///F:/rdm/rdm_tanstack2/app/node_modules/vite/dist/node/chunks/config.js:33669:28
    at onRollupLog (file:///F:/rdm/rdm_tanstack2/app/node_modules/vite/dist/node/chunks/config.js:33664:63)
    at onLog (file:///F:/rdm/rdm_tanstack2/app/node_modules/vite/dist/node/chunks/config.js:33467:4)
    at file:///F:/rdm/rdm_tanstack2/app/node_modules/rollup/dist/es/shared/node-entry.js:20981:32
    at Object.logger [as onLog] (file:///F:/rdm/rdm_tanstack2/app/node_modules/rollup/dist/es/shared/node-entry.js:22968:9)
    at ModuleLoader.handleInvalidResolvedId (file:///F:/rdm/rdm_tanstack2/app/node_modules/rollup/dist/es/shared/node-entry.js:21712:26)
    at file:///F:/rdm/rdm_tanstack2/app/node_modules/rollup/dist/es/shared/node-entry.js:21670:26
